Running Super Signals LIVE v2.0 Analysis for BTC/USD...
  Stack: intraday ù DTF:None HTF:4h ITF:1h LTF:15m
  [DB] BTC/USD 1h: Appending ~1d of new candles...
  [DB] BTC/USD 1h: No new candles since last update.
Fetching 500 candles for BTC/USD on 1h timeframe...
  Trying binance...
  Success: binance returned 500 candles
Success: Data saved to .tmp/BTC_USD_1h.csv
Fetching 200 candles for BTC/USD on 15m timeframe...
  Trying binance...
  Success: binance returned 200 candles
Success: Data saved to .tmp/BTC_USD_15m.csv

=============================================
=== SUPER SIGNALS v2.0 LIVE REPORT ===
Symbol: BTC/USD | 2026-03-09 18:40:06
---------------------------------------------
 SIGNAL:      WAIT / NO_TRADE (Structural Floor) (0.0/100 Conf)

 [!] GOVERNANCE ALERTS:
     [!] GATE: L1 score below structural minimum (< 10).

 [!] TRADE SETUP:
     ENTRY:       MARKET @ 69143.08
     STOP LOSS:   69614.4 (471.3 pips)
     TAKE PROFIT: 67729.13 (1413.9p) | 66315.19 (2827.9p) | 64429.93 (4713.2p)
     MODIFIERS:   Risk Offset 1.0x
---------------------------------------------
--- LAYER-WISE REASONING ---
 [L1/L2] Trend Coherence: 27.0%. HTF(BEARISH) 4H(BULLISH) LTF(NEUTRAL). Session: OFF_HOURS (+0pts)
 [L3]    Probabilistic Similarity: 29.6%. Result: BULLISH (FP Risk: False). Source: SQLite DB (8603 rows).
 [L4]    News Analysis Skipped (Stack: intraday)
---------------------------------------------
AI ANALYSIS:
 The decision to WAIT/NO_TRADE is based on the asset's ranging behavior, as indicated by the low Trend Coherence score and conflicting short-term and long-term trends. The key issue is the lack of clear confluence between the technical and fundamental signals, making it difficult to establish a strong trade setup. The plan is to wait for a clear invalidation of the current ranging behavior, which would trigger a market order at 69143.08 with a projected R:R of 1:1.
=============================================

